// Jest Snapshot v1, https://goo.gl/fbAQLP

exports[`template archive processor should draft a template 1`] = `
"Late Delivery and Penalty
----

In case of delayed delivery except for Force Majeure cases, the Seller shall pay to the Buyer for every {"$class":"org.accordproject.time@0.3.0.Duration","amount":2,"unit":"days"} of delay penalty amounting to 10.5% of the total value of the Equipment whose delivery has been delayed.
1. Any fractional part of a days is to be considered a full days.
2. The total amount of penalty shall not however, exceed 55.0% of the total value of the Equipment involved in late delivery.
3. If the delay is more than {"$class":"org.accordproject.time@0.3.0.Duration","amount":15,"unit":"days"}, the Buyer is entitled to terminate this Contract."
`;
