// Jest Snapshot v1, https://goo.gl/fbAQLP

exports[`templatemark to javascript compiler should compile templatemark containing typescript to javascript 1`] = `
{
  "$class": "org.accordproject.commonmark@0.5.0.Document",
  "nodes": [
    {
      "$class": "org.accordproject.templatemark@0.5.0.ContractDefinition",
      "elementType": "test@1.0.0.TemplateData",
      "name": "top",
      "nodes": [
        {
          "$class": "org.accordproject.commonmark@0.5.0.Heading",
          "level": "1",
          "nodes": [
            {
              "$class": "org.accordproject.commonmark@0.5.0.Text",
              "text": "Welcome!",
            },
          ],
        },
        {
          "$class": "org.accordproject.commonmark@0.5.0.Paragraph",
          "nodes": [
            {
              "$class": "org.accordproject.commonmark@0.5.0.Text",
              "text": "Hello ",
            },
            {
              "$class": "org.accordproject.templatemark@0.5.0.VariableDefinition",
              "elementType": "String",
              "name": "firstName",
            },
            {
              "$class": "org.accordproject.commonmark@0.5.0.Text",
              "text": " ",
            },
            {
              "$class": "org.accordproject.templatemark@0.5.0.JoinDefinition",
              "name": "middleNames",
              "nodes": [
                {
                  "$class": "org.accordproject.templatemark@0.5.0.VariableDefinition",
                  "elementType": "String",
                  "name": "this",
                },
              ],
              "separator": "-",
            },
            {
              "$class": "org.accordproject.commonmark@0.5.0.Text",
              "text": " ",
            },
            {
              "$class": "org.accordproject.templatemark@0.5.0.ConditionalDefinition",
              "condition": {
                "$class": "org.accordproject.templatemark@0.5.0.Code",
                "contents": "export function condition_nodes_0_nodes_1_nodes_5(data, library, options) {
    const now = dayjs(options?.now);
    const locale = options?.locale;
    const firstName = data.firstName;
    const lastName = data.lastName;
    const middleNames = data.middleNames;
    const gender = data.gender;
    const active = data.active;
    const lastVisit = data.lastVisit;
    const address = data.address;
    const orders = data.orders;
    const loyaltyStatus = data.loyaltyStatus;
    const preferences = data.preferences;
    return lastName.startsWith('S');
}
",
                "type": "ES_2020",
              },
              "dependencies": [],
              "functionName": "condition_nodes_0_nodes_1_nodes_5",
              "name": "lastName",
              "whenFalse": [
                {
                  "$class": "org.accordproject.commonmark@0.5.0.Text",
                  "text": "Dude",
                },
              ],
              "whenTrue": [
                {
                  "$class": "org.accordproject.commonmark@0.5.0.Text",
                  "text": "Mister",
                },
              ],
            },
            {
              "$class": "org.accordproject.commonmark@0.5.0.Text",
              "text": "!",
            },
          ],
        },
        {
          "$class": "org.accordproject.commonmark@0.5.0.Heading",
          "level": "2",
          "nodes": [
            {
              "$class": "org.accordproject.commonmark@0.5.0.Text",
              "text": "Middle Names",
            },
          ],
        },
        {
          "$class": "org.accordproject.templatemark@0.5.0.ListBlockDefinition",
          "delimiter": "period",
          "name": "middleNames",
          "nodes": [
            {
              "$class": "org.accordproject.commonmark@0.5.0.List",
              "nodes": [
                {
                  "$class": "org.accordproject.commonmark@0.5.0.Item",
                  "nodes": [
                    {
                      "$class": "org.accordproject.commonmark@0.5.0.Paragraph",
                      "nodes": [
                        {
                          "$class": "org.accordproject.templatemark@0.5.0.VariableDefinition",
                          "elementType": "String",
                          "name": "this",
                        },
                      ],
                    },
                  ],
                },
              ],
              "tight": "true",
              "type": "bullet",
            },
          ],
          "start": "1",
          "tight": "true",
          "type": "ordered",
        },
        {
          "$class": "org.accordproject.commonmark@0.5.0.Paragraph",
          "nodes": [
            {
              "$class": "org.accordproject.commonmark@0.5.0.Text",
              "text": "Middle names: ",
            },
            {
              "$class": "org.accordproject.templatemark@0.5.0.JoinDefinition",
              "locale": "en",
              "name": "middleNames",
              "nodes": [],
            },
          ],
        },
        {
          "$class": "org.accordproject.commonmark@0.5.0.Heading",
          "level": "2",
          "nodes": [
            {
              "$class": "org.accordproject.commonmark@0.5.0.Text",
              "text": "Address",
            },
          ],
        },
        {
          "$class": "org.accordproject.templatemark@0.5.0.ClauseDefinition",
          "elementType": "test@1.0.0.Address",
          "name": "address",
          "nodes": [
            {
              "$class": "org.accordproject.commonmark@0.5.0.List",
              "nodes": [
                {
                  "$class": "org.accordproject.commonmark@0.5.0.Item",
                  "nodes": [
                    {
                      "$class": "org.accordproject.commonmark@0.5.0.Paragraph",
                      "nodes": [
                        {
                          "$class": "org.accordproject.commonmark@0.5.0.Text",
                          "text": "Street: ",
                        },
                        {
                          "$class": "org.accordproject.templatemark@0.5.0.VariableDefinition",
                          "elementType": "String",
                          "name": "street",
                        },
                      ],
                    },
                  ],
                },
                {
                  "$class": "org.accordproject.commonmark@0.5.0.Item",
                  "nodes": [
                    {
                      "$class": "org.accordproject.commonmark@0.5.0.Paragraph",
                      "nodes": [
                        {
                          "$class": "org.accordproject.commonmark@0.5.0.Text",
                          "text": "City: ",
                        },
                        {
                          "$class": "org.accordproject.templatemark@0.5.0.VariableDefinition",
                          "elementType": "String",
                          "name": "city",
                        },
                      ],
                    },
                  ],
                },
                {
                  "$class": "org.accordproject.commonmark@0.5.0.Item",
                  "nodes": [
                    {
                      "$class": "org.accordproject.commonmark@0.5.0.Paragraph",
                      "nodes": [
                        {
                          "$class": "org.accordproject.commonmark@0.5.0.Text",
                          "text": "ZIP: ",
                        },
                        {
                          "$class": "org.accordproject.templatemark@0.5.0.VariableDefinition",
                          "elementType": "String",
                          "name": "zip",
                        },
                      ],
                    },
                  ],
                },
              ],
              "tight": "true",
              "type": "bullet",
            },
          ],
        },
        {
          "$class": "org.accordproject.commonmark@0.5.0.Paragraph",
          "nodes": [
            {
              "$class": "org.accordproject.commonmark@0.5.0.Text",
              "text": "Your city is: ",
            },
            {
              "$class": "org.accordproject.templatemark@0.5.0.WithDefinition",
              "elementType": "test@1.0.0.Address",
              "name": "address",
              "nodes": [
                {
                  "$class": "org.accordproject.commonmark@0.5.0.Emph",
                  "nodes": [
                    {
                      "$class": "org.accordproject.commonmark@0.5.0.Strong",
                      "nodes": [
                        {
                          "$class": "org.accordproject.templatemark@0.5.0.VariableDefinition",
                          "elementType": "String",
                          "name": "city",
                        },
                      ],
                    },
                  ],
                },
                {
                  "$class": "org.accordproject.commonmark@0.5.0.Text",
                  "text": ".",
                },
              ],
            },
          ],
        },
        {
          "$class": "org.accordproject.commonmark@0.5.0.Heading",
          "level": "2",
          "nodes": [
            {
              "$class": "org.accordproject.commonmark@0.5.0.Text",
              "text": "Account Status",
            },
          ],
        },
        {
          "$class": "org.accordproject.commonmark@0.5.0.Paragraph",
          "nodes": [
            {
              "$class": "org.accordproject.templatemark@0.5.0.ConditionalDefinition",
              "name": "active",
              "whenFalse": [
                {
                  "$class": "org.accordproject.commonmark@0.5.0.Text",
                  "text": "Your account has been deactivated.",
                },
              ],
              "whenTrue": [
                {
                  "$class": "org.accordproject.commonmark@0.5.0.Text",
                  "text": "Your account is active.",
                },
              ],
            },
          ],
        },
        {
          "$class": "org.accordproject.commonmark@0.5.0.BlockQuote",
          "nodes": [
            {
              "$class": "org.accordproject.commonmark@0.5.0.Paragraph",
              "nodes": [
                {
                  "$class": "org.accordproject.commonmark@0.5.0.Text",
                  "text": "Thank you for visiting us ",
                },
                {
                  "$class": "org.accordproject.commonmark@0.5.0.Strong",
                  "nodes": [
                    {
                      "$class": "org.accordproject.templatemark@0.5.0.FormulaDefinition",
                      "code": {
                        "$class": "org.accordproject.templatemark@0.5.0.Code",
                        "contents": "export function formula_53113a901ca88208df47bc83374866e8d497d84099c0f88123c918ff1960b17e(data, library, options) {
    const now = dayjs(options?.now);
    const locale = options?.locale;
    const firstName = data.firstName;
    const lastName = data.lastName;
    const middleNames = data.middleNames;
    const gender = data.gender;
    const active = data.active;
    const lastVisit = data.lastVisit;
    const address = data.address;
    const orders = data.orders;
    const loyaltyStatus = data.loyaltyStatus;
    const preferences = data.preferences;
    return now.diff(lastVisit, 'day');
}
",
                        "type": "ES_2020",
                      },
                      "dependencies": [],
                      "name": "formula_53113a901ca88208df47bc83374866e8d497d84099c0f88123c918ff1960b17e",
                    },
                  ],
                },
                {
                  "$class": "org.accordproject.commonmark@0.5.0.Text",
                  "text": " days ago.",
                },
                {
                  "$class": "org.accordproject.commonmark@0.5.0.Linebreak",
                },
                {
                  "$class": "org.accordproject.commonmark@0.5.0.Text",
                  "text": "Your last visit was: ",
                },
                {
                  "$class": "org.accordproject.templatemark@0.5.0.FormattedVariableDefinition",
                  "elementType": "DateTime",
                  "format": "MM/DD/YYYY",
                  "name": "lastVisit",
                },
                {
                  "$class": "org.accordproject.commonmark@0.5.0.Text",
                  "text": ".",
                },
              ],
            },
          ],
        },
        {
          "$class": "org.accordproject.commonmark@0.5.0.Paragraph",
          "nodes": [
            {
              "$class": "org.accordproject.templatemark@0.5.0.FormulaDefinition",
              "code": {
                "$class": "org.accordproject.templatemark@0.5.0.Code",
                "contents": "export function formula_7841bd178366af21ea233d10968eaf538d12fb7a50cbaf9cbe1b51a00cb0f6a8(data, library, options) {
    const now = dayjs(options?.now);
    const locale = options?.locale;
    const firstName = data.firstName;
    const lastName = data.lastName;
    const middleNames = data.middleNames;
    const gender = data.gender;
    const active = data.active;
    const lastVisit = data.lastVisit;
    const address = data.address;
    const orders = data.orders;
    const loyaltyStatus = data.loyaltyStatus;
    const preferences = data.preferences;
    // test we can use typescript!
    const addressBook = new Map();
    addressBook.set('123', 'Dan Selman');
    addressBook.set('234', 'Isaac Selman');
    addressBook.set('456', 'Tenzin Selman');
    addressBook.set('789', 'Mi-a Selman');
    let result = '';
    addressBook.forEach((value, key) => {
        result += \`[\${key} : \${value}]\`;
    });
    return result;
}
",
                "type": "ES_2020",
              },
              "dependencies": [],
              "name": "formula_7841bd178366af21ea233d10968eaf538d12fb7a50cbaf9cbe1b51a00cb0f6a8",
            },
          ],
        },
        {
          "$class": "org.accordproject.commonmark@0.5.0.Heading",
          "level": "2",
          "nodes": [
            {
              "$class": "org.accordproject.commonmark@0.5.0.Text",
              "text": "Orders",
            },
          ],
        },
        {
          "$class": "org.accordproject.templatemark@0.5.0.ListBlockDefinition",
          "delimiter": "period",
          "elementType": "test@1.0.0.Order",
          "name": "orders",
          "nodes": [
            {
              "$class": "org.accordproject.commonmark@0.5.0.List",
              "nodes": [
                {
                  "$class": "org.accordproject.commonmark@0.5.0.Item",
                  "nodes": [
                    {
                      "$class": "org.accordproject.commonmark@0.5.0.Paragraph",
                      "nodes": [
                        {
                          "$class": "org.accordproject.commonmark@0.5.0.Strong",
                          "nodes": [
                            {
                              "$class": "org.accordproject.templatemark@0.5.0.VariableDefinition",
                              "elementType": "String",
                              "name": "sku",
                            },
                          ],
                        },
                        {
                          "$class": "org.accordproject.commonmark@0.5.0.Text",
                          "text": " : ",
                        },
                        {
                          "$class": "org.accordproject.commonmark@0.5.0.Emph",
                          "nodes": [
                            {
                              "$class": "org.accordproject.templatemark@0.5.0.VariableDefinition",
                              "elementType": "Integer",
                              "name": "amount",
                            },
                          ],
                        },
                      ],
                    },
                  ],
                },
              ],
              "tight": "true",
              "type": "bullet",
            },
          ],
          "start": "1",
          "tight": "true",
          "type": "ordered",
        },
        {
          "$class": "org.accordproject.commonmark@0.5.0.Paragraph",
          "nodes": [
            {
              "$class": "org.accordproject.templatemark@0.5.0.OptionalDefinition",
              "elementType": "test@1.0.0.LoyaltyStatus",
              "name": "loyaltyStatus",
              "whenNone": [
                {
                  "$class": "org.accordproject.commonmark@0.5.0.Text",
                  "text": "You do not have a loyalty status.",
                },
              ],
              "whenSome": [
                {
                  "$class": "org.accordproject.commonmark@0.5.0.Text",
                  "text": "Your loyalty status: ",
                },
                {
                  "$class": "org.accordproject.templatemark@0.5.0.VariableDefinition",
                  "elementType": "String",
                  "name": "level",
                },
              ],
            },
          ],
        },
        {
          "$class": "org.accordproject.templatemark@0.5.0.ClauseDefinition",
          "condition": {
            "$class": "org.accordproject.templatemark@0.5.0.Code",
            "contents": "export function condition_nodes_0_nodes_15(data, library, options) {
    const now = dayjs(options?.now);
    const locale = options?.locale;
    const firstName = data.firstName;
    const lastName = data.lastName;
    const middleNames = data.middleNames;
    const gender = data.gender;
    const active = data.active;
    const lastVisit = data.lastVisit;
    const address = data.address;
    const orders = data.orders;
    const loyaltyStatus = data.loyaltyStatus;
    const preferences = data.preferences;
    return preferences.favoriteColors !== undefined && preferences.favoriteColors.length > 0;
}
",
            "type": "ES_2020",
          },
          "elementType": "test@1.0.0.Preferences",
          "functionName": "condition_nodes_0_nodes_15",
          "name": "preferences",
          "nodes": [
            {
              "$class": "org.accordproject.commonmark@0.5.0.Heading",
              "level": "2",
              "nodes": [
                {
                  "$class": "org.accordproject.commonmark@0.5.0.Text",
                  "text": "Favorite Colors",
                },
              ],
            },
            {
              "$class": "org.accordproject.commonmark@0.5.0.Paragraph",
              "nodes": [
                {
                  "$class": "org.accordproject.commonmark@0.5.0.Text",
                  "text": "Your favorite colors are: ",
                },
                {
                  "$class": "org.accordproject.templatemark@0.5.0.FormulaDefinition",
                  "code": {
                    "$class": "org.accordproject.templatemark@0.5.0.Code",
                    "contents": "export function formula_4b8f7e95470eda90057c4648aac4e4c7abb3f93559ed348246b6a15ec1fea473(data, library, options) {
    const now = dayjs(options?.now);
    const locale = options?.locale;
    const firstName = data.firstName;
    const lastName = data.lastName;
    const middleNames = data.middleNames;
    const gender = data.gender;
    const active = data.active;
    const lastVisit = data.lastVisit;
    const address = data.address;
    const orders = data.orders;
    const loyaltyStatus = data.loyaltyStatus;
    const preferences = data.preferences;
    return preferences.favoriteColors !== undefined ? preferences.favoriteColors.join(' and ') : 'No favorite colors!';
}
",
                    "type": "ES_2020",
                  },
                  "dependencies": [],
                  "name": "formula_4b8f7e95470eda90057c4648aac4e4c7abb3f93559ed348246b6a15ec1fea473",
                },
              ],
            },
            {
              "$class": "org.accordproject.commonmark@0.5.0.Paragraph",
              "nodes": [
                {
                  "$class": "org.accordproject.commonmark@0.5.0.Image",
                  "destination": "https://www.litmus.com/wp-content/uploads/2021/02/motion-tween-example.gif",
                  "nodes": [],
                  "title": "",
                },
              ],
            },
            {
              "$class": "org.accordproject.templatemark@0.5.0.ListBlockDefinition",
              "delimiter": "period",
              "name": "favoriteColors",
              "nodes": [
                {
                  "$class": "org.accordproject.commonmark@0.5.0.List",
                  "nodes": [
                    {
                      "$class": "org.accordproject.commonmark@0.5.0.Item",
                      "nodes": [
                        {
                          "$class": "org.accordproject.commonmark@0.5.0.Paragraph",
                          "nodes": [
                            {
                              "$class": "org.accordproject.templatemark@0.5.0.VariableDefinition",
                              "elementType": "String",
                              "name": "this",
                            },
                          ],
                        },
                      ],
                    },
                  ],
                  "tight": "true",
                  "type": "bullet",
                },
              ],
              "start": "1",
              "tight": "true",
              "type": "ordered",
            },
            {
              "$class": "org.accordproject.commonmark@0.5.0.Paragraph",
              "nodes": [
                {
                  "$class": "org.accordproject.templatemark@0.5.0.ConditionalDefinition",
                  "condition": {
                    "$class": "org.accordproject.templatemark@0.5.0.Code",
                    "contents": "export function condition_nodes_0_nodes_15_nodes_4_nodes_0(data, library, options) {
    const now = dayjs(options?.now);
    const locale = options?.locale;
    const firstName = data.firstName;
    const lastName = data.lastName;
    const middleNames = data.middleNames;
    const gender = data.gender;
    const active = data.active;
    const lastVisit = data.lastVisit;
    const address = data.address;
    const orders = data.orders;
    const loyaltyStatus = data.loyaltyStatus;
    const preferences = data.preferences;
    return preferences.favoriteColors !== undefined && preferences.favoriteColors.includes('PINK');
}
",
                    "type": "ES_2020",
                  },
                  "dependencies": [],
                  "functionName": "condition_nodes_0_nodes_15_nodes_4_nodes_0",
                  "name": "favoriteColors",
                  "whenFalse": [
                    {
                      "$class": "org.accordproject.commonmark@0.5.0.Text",
                      "text": "Why don't you like PINK!",
                    },
                  ],
                  "whenTrue": [
                    {
                      "$class": "org.accordproject.commonmark@0.5.0.Text",
                      "text": "You like pink!",
                    },
                  ],
                },
              ],
            },
          ],
        },
        {
          "$class": "org.accordproject.commonmark@0.5.0.Heading",
          "level": "2",
          "nodes": [
            {
              "$class": "org.accordproject.commonmark@0.5.0.Text",
              "text": "Dynamic Query of Clauses",
            },
          ],
        },
        {
          "$class": "org.accordproject.commonmark@0.5.0.Heading",
          "level": "3",
          "nodes": [
            {
              "$class": "org.accordproject.commonmark@0.5.0.Text",
              "text": "Onboarding Clauses",
            },
          ],
        },
        {
          "$class": "org.accordproject.commonmark@0.5.0.BlockQuote",
          "nodes": [
            {
              "$class": "org.accordproject.commonmark@0.5.0.Paragraph",
              "nodes": [
                {
                  "$class": "org.accordproject.templatemark@0.5.0.FormulaDefinition",
                  "code": {
                    "$class": "org.accordproject.templatemark@0.5.0.Code",
                    "contents": "export function formula_a8a1d7714d95baa82f730e0105d2f2d0a9fc25ee9b6055058cc09667c01c01ab(data, library, options) {
    const now = dayjs(options?.now);
    const locale = options?.locale;
    const firstName = data.firstName;
    const lastName = data.lastName;
    const middleNames = data.middleNames;
    const gender = data.gender;
    const active = data.active;
    const lastVisit = data.lastVisit;
    const address = data.address;
    const orders = data.orders;
    const loyaltyStatus = data.loyaltyStatus;
    const preferences = data.preferences;
    return jp.query(library, \`$.clauses[?(@.category=="onboarding")]\`);
}
",
                    "type": "ES_2020",
                  },
                  "dependencies": [],
                  "name": "formula_a8a1d7714d95baa82f730e0105d2f2d0a9fc25ee9b6055058cc09667c01c01ab",
                },
              ],
            },
          ],
        },
        {
          "$class": "org.accordproject.commonmark@0.5.0.Heading",
          "level": "3",
          "nodes": [
            {
              "$class": "org.accordproject.commonmark@0.5.0.Text",
              "text": "Authored by ",
            },
            {
              "$class": "org.accordproject.templatemark@0.5.0.VariableDefinition",
              "elementType": "String",
              "name": "firstName",
            },
          ],
        },
        {
          "$class": "org.accordproject.commonmark@0.5.0.BlockQuote",
          "nodes": [
            {
              "$class": "org.accordproject.commonmark@0.5.0.Paragraph",
              "nodes": [
                {
                  "$class": "org.accordproject.templatemark@0.5.0.FormulaDefinition",
                  "code": {
                    "$class": "org.accordproject.templatemark@0.5.0.Code",
                    "contents": "export function formula_daca9cb2f5bc16b65f544e6f408c1e3121d50a3251ec4fbe2f27132818acc3d2(data, library, options) {
    const now = dayjs(options?.now);
    const locale = options?.locale;
    const firstName = data.firstName;
    const lastName = data.lastName;
    const middleNames = data.middleNames;
    const gender = data.gender;
    const active = data.active;
    const lastVisit = data.lastVisit;
    const address = data.address;
    const orders = data.orders;
    const loyaltyStatus = data.loyaltyStatus;
    const preferences = data.preferences;
    return jp.query(library, \`$.clauses[?(@.author=="\${firstName}")]\`);
}
",
                    "type": "ES_2020",
                  },
                  "dependencies": [],
                  "name": "formula_daca9cb2f5bc16b65f544e6f408c1e3121d50a3251ec4fbe2f27132818acc3d2",
                },
              ],
            },
          ],
        },
        {
          "$class": "org.accordproject.commonmark@0.5.0.Heading",
          "level": "3",
          "nodes": [
            {
              "$class": "org.accordproject.commonmark@0.5.0.Text",
              "text": "High Risk",
            },
          ],
        },
        {
          "$class": "org.accordproject.commonmark@0.5.0.BlockQuote",
          "nodes": [
            {
              "$class": "org.accordproject.commonmark@0.5.0.Paragraph",
              "nodes": [
                {
                  "$class": "org.accordproject.templatemark@0.5.0.FormulaDefinition",
                  "code": {
                    "$class": "org.accordproject.templatemark@0.5.0.Code",
                    "contents": "export function formula_4c874b2977b5eef204e4987efc0a5594c7cce66403e54c17daa1e1c721d755a0(data, library, options) {
    const now = dayjs(options?.now);
    const locale = options?.locale;
    const firstName = data.firstName;
    const lastName = data.lastName;
    const middleNames = data.middleNames;
    const gender = data.gender;
    const active = data.active;
    const lastVisit = data.lastVisit;
    const address = data.address;
    const orders = data.orders;
    const loyaltyStatus = data.loyaltyStatus;
    const preferences = data.preferences;
    return jp.query(library, \`$.clauses[?(@.risk>4)]\`);
}
",
                    "type": "ES_2020",
                  },
                  "dependencies": [],
                  "name": "formula_4c874b2977b5eef204e4987efc0a5594c7cce66403e54c17daa1e1c721d755a0",
                },
              ],
            },
          ],
        },
        {
          "$class": "org.accordproject.commonmark@0.5.0.Heading",
          "level": "3",
          "nodes": [
            {
              "$class": "org.accordproject.commonmark@0.5.0.Text",
              "text": "Low Risk and authored by ",
            },
            {
              "$class": "org.accordproject.templatemark@0.5.0.VariableDefinition",
              "elementType": "String",
              "name": "firstName",
            },
          ],
        },
        {
          "$class": "org.accordproject.commonmark@0.5.0.BlockQuote",
          "nodes": [
            {
              "$class": "org.accordproject.commonmark@0.5.0.Paragraph",
              "nodes": [
                {
                  "$class": "org.accordproject.templatemark@0.5.0.FormulaDefinition",
                  "code": {
                    "$class": "org.accordproject.templatemark@0.5.0.Code",
                    "contents": "export function formula_646a6cadec2125e4fd9e4b756aac72bc618b528967f04d325b28a817774441dd(data, library, options) {
    const now = dayjs(options?.now);
    const locale = options?.locale;
    const firstName = data.firstName;
    const lastName = data.lastName;
    const middleNames = data.middleNames;
    const gender = data.gender;
    const active = data.active;
    const lastVisit = data.lastVisit;
    const address = data.address;
    const orders = data.orders;
    const loyaltyStatus = data.loyaltyStatus;
    const preferences = data.preferences;
    return jp.query(library, \`$.clauses[?(@.risk<3 && @.author=="\${firstName}")]\`);
}
",
                    "type": "ES_2020",
                  },
                  "dependencies": [],
                  "name": "formula_646a6cadec2125e4fd9e4b756aac72bc618b528967f04d325b28a817774441dd",
                },
              ],
            },
          ],
        },
        {
          "$class": "org.accordproject.commonmark@0.5.0.Paragraph",
          "nodes": [
            {
              "$class": "org.accordproject.commonmark@0.5.0.Text",
              "text": "Done.",
            },
          ],
        },
      ],
    },
  ],
  "xmlns": "http://commonmark.org/xml/1.0",
}
`;
