// Jest Snapshot v1, https://goo.gl/fbAQLP

exports[`typescript compilation context should create a context from a model manager 1`] = `
"
// @filename: concerto@1.0.0.ts
/* eslint-disable @typescript-eslint/no-empty-interface */
// Generated code for namespace: concerto@1.0.0

// imports

// Warning: Beware of circular dependencies when modifying these imports
import type {
	IAddress,
	IOrder,
	ILoyaltyStatus,
	IPreferences,
	ITemplateData
} from './test@1.0.0';

// interfaces
export interface IConcept {
   $class: string;
}

export type ConceptUnion = IAddress | 
IOrder | 
ILoyaltyStatus | 
IPreferences | 
ITemplateData;

export interface IAsset extends IConcept {
   $identifier: string;
}

export interface IParticipant extends IConcept {
   $identifier: string;
}

export interface ITransaction extends IConcept {
   $timestamp: Date;
}

export interface IEvent extends IConcept {
   $timestamp: Date;
}



// @filename: concerto.ts
/* eslint-disable @typescript-eslint/no-empty-interface */
// Generated code for namespace: concerto

// imports

// interfaces
export interface IConcept {
   $class: string;
}

export interface IAsset extends IConcept {
   $identifier: string;
}

export interface IParticipant extends IConcept {
   $identifier: string;
}

export interface ITransaction extends IConcept {
}

export interface IEvent extends IConcept {
}



// @filename: test@1.0.0.ts
/* eslint-disable @typescript-eslint/no-empty-interface */
// Generated code for namespace: test@1.0.0

// imports
import {IConcept} from './concerto@1.0.0';

// interfaces
export interface IAddress extends IConcept {
   street: string;
   city: string;
   zip: string;
}

export interface IOrder extends IConcept {
   sku: string;
   amount: number;
}

export interface ILoyaltyStatus extends IConcept {
   level: string;
}

export interface IPreferences extends IConcept {
   favoriteColors?: string[];
}

export interface ITemplateData extends IConcept {
   firstName: string;
   lastName: string;
   middleNames: string[];
   active: boolean;
   lastVisit: Date;
   address: IAddress;
   orders: IOrder[];
   loyaltyStatus?: ILoyaltyStatus;
   preferences: IPreferences;
}



// @filename: code.ts
import * as TemplateModel from './test@1.0.0';
import dayjs from 'dayjs';
import jp from 'jsonpath';
"
`;
