// Jest Snapshot v1, https://goo.gl/fbAQLP

exports[`typescript compilation context should create a context from a model manager 1`] = `
"
// @filename: generated/concerto.decorator@1.0.0.ts
/* eslint-disable @typescript-eslint/no-empty-interface */
// Generated code for namespace: concerto.decorator@1.0.0

// imports
import {IConcept} from './concerto@1.0.0';

// interfaces
export interface IDecorator extends IConcept {
}

export interface IDotNetNamespace extends IDecorator {
   namespace: string;
}



// @filename: generated/concerto@1.0.0.ts
/* eslint-disable @typescript-eslint/no-empty-interface */
// Generated code for namespace: concerto@1.0.0

// imports

// Warning: Beware of circular dependencies when modifying these imports
import type {
	IAddress,
	IOrder,
	ILoyaltyStatus,
	IPreferences,
	Gender,
	ITemplateData
} from './test@1.0.0';

// interfaces
export interface IConcept {
   $class: string;
}

export type ConceptUnion = IAddress | 
IOrder | 
ILoyaltyStatus | 
IPreferences | 
ITemplateData;

export interface IAsset extends IConcept {
   $identifier: string;
}

export interface IParticipant extends IConcept {
   $identifier: string;
}

export interface ITransaction extends IConcept {
   $timestamp: Date;
}

export interface IEvent extends IConcept {
   $timestamp: Date;
}



// @filename: generated/test@1.0.0.ts
/* eslint-disable @typescript-eslint/no-empty-interface */
// Generated code for namespace: test@1.0.0

// imports
import {IConcept} from './concerto@1.0.0';

// interfaces
export interface IAddress extends IConcept {
   street: string;
   city: string;
   zip: string;
}

export interface IOrder extends IConcept {
   sku: string;
   amount: number;
}

export interface ILoyaltyStatus extends IConcept {
   level: string;
}

export interface IPreferences extends IConcept {
   favoriteColors?: string[];
}

export enum Gender {
   MALE = 'MALE',
   FEMALE = 'FEMALE',
   NOT_DISCLOSED = 'NOT_DISCLOSED',
}

export interface ITemplateData extends IConcept {
   firstName: string;
   lastName: string;
   middleNames: string[];
   gender?: Gender;
   active: boolean;
   lastVisit: Date;
   address: IAddress;
   orders: IOrder[];
   loyaltyStatus?: ILoyaltyStatus;
   preferences: IPreferences;
}



// @filename: code.ts
import * as TemplateModel from './generated/test@1.0.0';
import dayjs from 'dayjs';
import jp from 'jsonpath';






/* eslint-disable @typescript-eslint/no-empty-object-type */
// Runtime declarations injected by the template engine. The Runtime* unions are
// derived from the template's Concerto model so that the type checker enforces the
// runtime State / Request / Response / Event class hierarchies.
interface IConcept {
    $class: string;
}
interface ITransaction extends IConcept {
    $timestamp: Date;
}
interface IEvent extends IConcept {
    $timestamp: Date;
}
interface IState {
    $identifier: string;
}
interface IRequest extends ITransaction {
}
interface IResponse extends ITransaction {
}
interface IAsset extends IConcept {
    $identifier: string;
}
interface IContract extends IAsset {
    contractId: string;
}
interface IClause extends IAsset {
    clauseId: string;
}

// The concrete subclasses declared by the model for each runtime type (never if the
// template declares no valid subtype). Using these as the state type-parameter bound,
// the request parameter, the result type and the emitted event type is what makes a
// plain concept (that does not extend the corresponding runtime base) fail to compile.
type RuntimeState = never;
type RuntimeRequest = never;
type RuntimeResponse = never;
type RuntimeEvent = never;

interface EngineResponse<S extends RuntimeState> {
    state?: S;
    events?: Array<RuntimeEvent>
}
interface TriggerResponse<S extends RuntimeState = RuntimeState> extends EngineResponse<S> {
    result: RuntimeResponse;
}
interface InitResponse<S extends RuntimeState> extends EngineResponse<S> {}

type TemplateData = IContract|IClause;

abstract class TemplateLogic<T extends TemplateData, S extends RuntimeState = RuntimeState> {
    abstract trigger(data: T, request: RuntimeRequest, state:S) : Promise<TriggerResponse<S>>;
    // A concrete (stub) implementation so the class emits runtime JS (user logic does
    // \`extends TemplateLogic\`) and does not raise TS2391 for a missing body.
    init(data: T) : Promise<InitResponse<S>|undefined> { return Promise.resolve(undefined); }
}

type GenerationOptions = {
    now?:string,
    locale?:string
}
"
`;
